(0, 1)=0.3
(0, 2)=0.7
(4, 7)=0.4
(4, 8)=0.6
(5, 9)=0.5
(5, 10)=0.5
(11, 19)=0.1
(11, 20)=0.9
(13, 21)=0.8
(13, 22)=0.2
(16, 23)=0.3
(16, 24)=0.7
(18, 25)=0.3
(18, 26)=0.7
